// Jest Snapshot v1, https://goo.gl/fbAQLP

exports[`renders the heading 1`] = `
.c0 {
  display: -webkit-box;
  display: -webkit-flex;
  display: -ms-flexbox;
  display: flex;
  -webkit-flex-direction: column;
  -ms-flex-direction: column;
  flex-direction: column;
}

@media (max-width:320px) {
  .c0 {
    width: 100%;
  }
}

@media (max-width:768px) {
  .c0 {
    width: 50%;
  }
}

@media (max-width:992px) {
  .c0 {
    width: 100%;
  }
}

@media (max-width:1200px) {
  .c0 {
    width: 33.333333333333336%;
  }
}

@media (max-width:2500px) {
  .c0 {
    width: 100%;
  }
}

<div
  className="c0"
  sizes={
    Array [
      1,
      2,
      1,
      3,
      1,
    ]
  }
/>
`;
